// Jest Snapshot v1, https://goo.gl/fbAQLP

exports[`Map component renders Map 1`] = `
<DocumentFragment>
  <section
    class="mapContainer"
  >
    <div
      class="instructionsContainer"
    >
      <p
        class="instructions"
      >
        Select a garden to listen to:
      </p>
    </div>
    <section
      class="mapClass"
    >
      <svg
        height="100%"
        id="svg10"
        version="1.1"
        viewBox="0 0 1225 758"
        width="100vw"
        xmlns="http://purl.org/dc/elements/1.1/"
      >
        <g>
          <a>
            <title>
              Amphitheater
            </title>
            <path
              d="M 77.679724,120.26017 H 259.76196 v 55.66327 h 93.45933 l -15.11842,40.54486 v 79.02811 l -68.7201,54.28887 H 58.412081 L 13.056818,294.80921 V 213.7195 L 0,193.79067 l 0.27371158,-18.29824 72.75521042,0.27371 0.345227,-44.16553 -0.0016,-11.38716 z"
            />
          </a>
        </g>
        <g>
          <a>
            <title>
              Royal Rosarian Garden
            </title>
            <path
              d="M 1020.2966,480.19828 H 1187.351 V 691.51215 H 1019.9638 Z"
            />
          </a>
        </g>
        <g>
          <a>
            <title>
              Rose Test Garden
            </title>
            <path
              d="M 968.35798,691.5188 V 71.816023 H 425.10452 V 179.54006 l -2.31664,42.85795 -17.37485,39.38298 -11.58323,27.79975 -4.63329,11.58323 v 389.19651 z"
            />
          </a>
        </g>
        <g>
          <a>
            <title>
              Shakespearean Garden
            </title>
            <path
              d="M 979.48986,76.677237 H 1210.7583 V 207.77058 H 978.8715 V 76.677237 Z"
            />
          </a>
        </g>
        <g>
          <a>
            <title>
              Gold Medal Garden
            </title>
            <path
              d="m 1056.7855,220.13787 h 95.8465 l 23.4979,40.81208 h 45.759 v 74.20378 h -45.759 l -24.1163,40.81208 h -95.2281 l -23.4979,-40.19372 h -41.43044 v -72.96705 h 40.19374 z"
            />
          </a>
        </g>
      </svg>
    </section>
    <div
      class="blurbContainer"
    >
      <section
        class="Blurb"
      >
        <section>
          <p>
            Welcome to Sonic Blooming! This soundwalk is a guided meditation on the sound of movement, growth, and transformation in our environments both external and internal. At the time of year when the roses in the International Rose Test Garden are beginning to bloom, plants are generating more electricity than usual. I have used a process called "Biodata Sonification"; attaching sensors to the plants in the garden to collect their electrical impulses. You will hear these impulses translated into musical pitches and sounds that will guide you through the garden.
          </p>
          <p>
            For each garden there is an upload section encouraging you to record any interesting sounds you hear to be added to that part of the gardenâ€™s soundscape! Submitted field recordings will be added to the soundscapes over the course of the month.
          </p>
          <p>
            I invite you to pause, listen and explore. - Crystal Cortez
          </p>
        </section>
      </section>
    </div>
  </section>
</DocumentFragment>
`;
