// Jest Snapshot v1, https://goo.gl/fbAQLP

exports[`App component renders App 1`] = `
<DocumentFragment>
  <header
    class="Header"
  >
    <div
      class="headerLeft"
    >
      <img
        height="60%"
        src="./images/rose-shape.png"
      />
    </div>
    <div
      class="headerCenter"
    >
      <a
        class="navLink"
        href="/"
      >
        <h1>
          SONIC BLOOMING
        </h1>
      </a>
    </div>
    <div
      class="headerRight"
      style="visibility: visible;"
    >
      <a
        class="navLink"
        href="/about"
        id="about"
      >
        <svg
          class="w-6 h-6"
          fill="none"
          height="3em"
          stroke="rgba(40,4,78,1)"
          viewBox="0 0 24 24"
          xmlns="http://www.w3.org/2000/svg"
        >
          <path
            d="M13 16h-1v-4h-1m1-4h.01M21 12a9 9 0 11-18 0 9 9 0 0118 0z"
            stroke-linecap="round"
            stroke-linejoin="round"
            stroke-width="2"
          />
        </svg>
      </a>
    </div>
    <div
      class="backContainer"
    />
  </header>
  <section
    class="audioContainer"
  >
    <section
      class="Playlist"
      style="visibility: hidden; height: 0px;"
    >
      <div
        class="playlistTitle"
      >
        NULL PLAYLIST
      </div>
      <div
        class="scrollarea scroll"
      >
        <div
          class="scrollarea-content content"
          style="margin-top: 0px; margin-left: 0px;"
          tabindex="1"
        />
      </div>
    </section>
    <div
      class="playerContainer"
      style="visibility: hidden; height: 0px;"
    >
      <section
        class="title"
      >
        UNDEFINED - UNDEFINED
      </section>
      <section
        class="Player"
        style="visibility: collapse; height: 0px;"
      >
        <section
          class="playerControls"
        >
          <div
            aria-label="Audio Player"
            class="rhap_container rhap_container"
            role="group"
            tabindex="0"
          >
            <audio
              preload="auto"
            />
            <div
              class="rhap_main rhap_stacked"
            >
              <div
                class="rhap_progress-section"
              >
                <div
                  class="rhap_time rhap_current-time"
                  id="rhap_current-time"
                >
                  --:--
                </div>
                <section>
                  /
                </section>
                <div
                  class="rhap_time rhap_total-time"
                >
                  --:--
                </div>
              </div>
              <div
                class="rhap_controls-section"
              >
                <div
                  class="rhap_additional-controls"
                >
                  <button
                    aria-label="Disable Loop"
                    class="rhap_button-clear rhap_repeat-button"
                    type="button"
                  >
                    <svg
                      focusable="false"
                      height="1em"
                      preserveAspectRatio="xMidYMid meet"
                      style="transform: rotate(360deg);"
                      viewBox="0 0 24 24"
                      width="1em"
                      xmlns="http://www.w3.org/2000/svg"
                    >
                      <path
                        d="M2 5.27L3.28 4L20 20.72L18.73 22l-3-3H7v3l-4-4l4-4v3h6.73L7 10.27V11H5V8.27l-3-3M17 13h2v4.18l-2-2V13m0-8V2l4 4l-4 4V7H8.82l-2-2H17z"
                        fill="currentColor"
                      />
                    </svg>
                  </button>
                </div>
                <div
                  class="rhap_main-controls"
                >
                  <button
                    aria-label="Rewind"
                    class="rhap_button-clear rhap_main-controls-button rhap_rewind-button"
                    type="button"
                  >
                    <svg
                      focusable="false"
                      height="1em"
                      preserveAspectRatio="xMidYMid meet"
                      style="transform: rotate(360deg);"
                      viewBox="0 0 24 24"
                      width="1em"
                      xmlns="http://www.w3.org/2000/svg"
                    >
                      <path
                        d="M11.5 12l8.5 6V6m-9 12V6l-8.5 6l8.5 6z"
                        fill="currentColor"
                      />
                    </svg>
                  </button>
                  <button
                    aria-label="Play"
                    class="rhap_button-clear rhap_main-controls-button rhap_play-pause-button"
                    type="button"
                  >
                    <svg
                      focusable="false"
                      height="1em"
                      preserveAspectRatio="xMidYMid meet"
                      style="transform: rotate(360deg);"
                      viewBox="0 0 24 24"
                      width="1em"
                      xmlns="http://www.w3.org/2000/svg"
                    >
                      <path
                        d="M10 16.5v-9l6 4.5M12 2A10 10 0 0 0 2 12a10 10 0 0 0 10 10a10 10 0 0 0 10-10A10 10 0 0 0 12 2z"
                        fill="currentColor"
                      />
                    </svg>
                  </button>
                  <button
                    aria-label="Forward"
                    class="rhap_button-clear rhap_main-controls-button rhap_forward-button"
                    type="button"
                  >
                    <svg
                      focusable="false"
                      height="1em"
                      preserveAspectRatio="xMidYMid meet"
                      style="transform: rotate(360deg);"
                      viewBox="0 0 24 24"
                      width="1em"
                      xmlns="http://www.w3.org/2000/svg"
                    >
                      <path
                        d="M13 6v12l8.5-6M4 18l8.5-6L4 6v12z"
                        fill="currentColor"
                      />
                    </svg>
                  </button>
                </div>
                <div
                  class="rhap_volume-controls"
                >
                  <div
                    class="rhap_volume-container"
                  >
                    <button
                      aria-label="Mute"
                      class="rhap_button-clear rhap_volume-button"
                      type="button"
                    >
                      <svg
                        focusable="false"
                        height="1em"
                        preserveAspectRatio="xMidYMid meet"
                        style="transform: rotate(360deg);"
                        viewBox="0 0 24 24"
                        width="1em"
                        xmlns="http://www.w3.org/2000/svg"
                      >
                        <path
                          d="M14 3.23v2.06c2.89.86 5 3.54 5 6.71s-2.11 5.84-5 6.7v2.07c4-.91 7-4.49 7-8.77c0-4.28-3-7.86-7-8.77M16.5 12c0-1.77-1-3.29-2.5-4.03V16c1.5-.71 2.5-2.24 2.5-4M3 9v6h4l5 5V4L7 9H3z"
                          fill="currentColor"
                        />
                      </svg>
                    </button>
                    <div
                      aria-label="volume Control"
                      aria-valuemax="100"
                      aria-valuemin="0"
                      aria-valuenow="100"
                      class="rhap_volume-bar-area"
                      role="progressbar"
                      tabindex="0"
                    >
                      <div
                        class="rhap_volume-bar"
                      >
                        <div
                          class="rhap_volume-indicator"
                          style="left: 100.00%; transition-duration: 0s;"
                        />
                      </div>
                    </div>
                  </div>
                </div>
              </div>
            </div>
          </div>
          <button>
            <img
              height="25px"
              src="./images/fullscreen.png"
            />
          </button>
        </section>
      </section>
    </div>
    <p
      class="instructions"
    >
      Select a garden to listen to:
    </p>
  </section>
  <section
    class="mapContainer"
  >
    <section
      class="mapClass"
    >
      <svg
        height="100%"
        id="svg10"
        version="1.1"
        viewBox="0 0 1163 758"
        width="100vw"
        xmlns="http://purl.org/dc/elements/1.1/"
      >
        <g>
          <a>
            <title>
              Amphitheater
            </title>
            <path
              d="m 29.711679,120.96898 c 6.366788,-0.35371 12.738869,-0.62241 19.100365,-1.06113 9.422515,-0.64983 19.157236,-1.79139 28.650547,-1.06113 9.669829,0.74383 19.940631,2.1468 29.711679,1.06113 3.2411,-0.36013 6.3335,-1.58615 9.55018,-2.12227 6.1547,-1.02578 15.77682,-0.72299 22.28376,0 3.58509,0.39835 7.01898,1.79569 10.61132,2.12227 4.56054,0.41459 9.23416,-0.4146 13.7947,0 3.24766,0.29524 6.31432,1.71778 9.55019,2.12226 3.86077,0.4826 7.78163,0 11.67244,0 0.49032,0 5.51986,-0.63274 6.36679,1.06113 2.56995,5.1399 0.0952,4.72045 1.06113,9.55018 0.0981,0.49051 0.93981,0.57585 1.06113,1.06113 2.25899,9.03597 2.32659,25.71097 0,35.01734 -1.06013,4.24054 -3.19635,8.5409 -4.24452,12.73358 -0.27685,1.10738 0.83855,5.52823 0,6.36679 -11.61428,11.61427 -32.18943,5.60361 -46.68978,6.36678 -8.2164,0.43245 -16.22766,2.59923 -24.40603,3.1834 -11.87771,0.84841 -24.157966,0 -36.078463,0 -9.501967,0 -20.286884,1.0472 -29.711679,0 -3.670259,-0.40781 -6.941055,-2.77559 -10.611314,-3.1834 -3.867018,-0.42966 -7.805427,0.42967 -11.672445,0 -2.898932,-0.3221 -5.59012,-1.80016 -8.489051,-2.12226 -3.49019,-0.3878 -8.207052,0.86635 -11.6724455,0 C 2.2164119,190.23134 5.2011044,184.00955 4.2445255,178.27007 3.8211898,175.73006 2.6272718,173.3672 2.1222628,170.84215 0.56398336,163.05076 0.17112083,153.3851 1.0611314,145.375 c 0.5216889,-4.6952 3.8919318,-6.37014 5.3056569,-10.61131 0.5654759,-1.69643 2.648302,-7.42491 4.2445257,-8.48905 0.58861,-0.39241 1.451144,0.2237 2.122263,0 2.52977,-0.84326 4.823309,-2.53225 7.427919,-3.1834 5.909218,-1.4773 2.038649,-4.00015 9.550183,-2.12226 z"
            />
            <path
              d="m 281.19922,179.33203 c -1.11853,0 -2.07628,0.90236 -3.1836,1.06055 -3.85255,0.55036 -10.91299,0.65707 -14.85546,0 -5.11848,-0.85308 -8.85589,-1.23477 -13.79493,0 -2.33033,0.58258 -5.09741,-0.58259 -7.42773,0 -5.44228,1.36057 -4.53786,4.53787 -6.36719,6.36719 -4.73954,4.73954 -19.47856,13.91994 -25.46679,15.91601 -4.4877,1.49591 -9.30723,1.68769 -13.79493,3.1836 -8.25713,2.75237 -2.22882,1.78651 -10.61132,3.18359 -6.43062,1.07177 -12.70531,0.84419 -19.09961,2.12305 -5.39574,1.07914 -11.61013,4.40995 -16.97852,5.30468 -5.77539,0.96257 -12.18125,-0.4506 -18.03906,0 -6.2601,0.48155 -11.92956,2.41991 -18.03906,3.1836 -9.26827,1.15853 -19.300293,0 -28.650395,0 -6.964586,0 -15.387268,1.14932 -22.283203,0 -4.566629,-0.76111 -10.517101,-1.8815 -14.857422,-3.1836 -5.072417,-1.52172 -9.661534,-4.88319 -14.855469,-6.36718 -6.155893,-1.75882 -13.732411,-0.63777 -20.160156,-2.1211 -1.631582,-0.37652 -7.9673708,-2.63628 -10.7714844,-3.83789 v 0.50391 1.27539 c 0,0.22085 0.1914509,0.55398 0,0.66406 v 0.0723 c 0,0.13087 0.1307785,0.39757 0,0.39257 -0.067846,-0.003 -0.1366467,-0.0189 -0.2050781,-0.0234 0.00108,0.0267 0.00944,0.0447 0.00977,0.0723 0.014582,1.24008 0.019651,2.47128 -0.1015625,3.70703 -0.024663,0.25144 -0.079417,0.50066 -0.1054687,0.75196 -0.050102,0.48327 -0.041763,0.58372 -0.039063,0.99023 0.091808,1.42551 0.014372,2.8553 0.060547,4.28125 0.023446,0.72406 0.060899,1.16629 0.1074219,1.64649 0.031645,-0.0229 0.039581,-0.027 0.072266,-0.0508 0.073382,-0.0534 0.019001,0.18099 0.025391,0.27149 0.010551,0.14943 0.1558891,0.37572 0.025391,0.44922 -0.023039,0.013 -0.030287,0.0166 -0.052734,0.0293 -0.00181,0.0252 0.00437,0.0151 0.00195,0.0469 -0.00186,-0.0186 -0.00208,-0.0268 -0.00391,-0.0449 -0.2572767,0.14562 -0.4132216,0.23711 -0.5996094,0.3457 0.2318592,0.18492 0.4469618,0.38447 0.5976563,0.63867 0.2960124,0.49933 -8.2e-6,1.16172 0,1.74219 0.048333,2.00476 0.1924273,4.0038 0.3535156,6.00195 0.025721,0.31904 0.141857,1.39263 0.125,1.82422 -0.0054,0.13835 -0.047153,0.27366 -0.070312,0.41016 0.03344,0.26787 -0.031708,0.53542 -0.019531,0.80273 0.023023,0.50538 0.1283593,1.29128 0.1914063,1.8086 0.08705,0.71428 0.1747028,1.43024 0.2617187,2.14453 0.029416,1.15274 0.052932,1.12225 0.00586,2.11133 -0.018795,0.39481 -0.081176,0.77301 -0.064453,1.16601 0.014226,0.6821 0.024633,1.36468 0.011719,2.04688 -0.00148,0.37565 0.00287,0.7513 0.00195,1.12695 -6.915e-4,0.28355 -0.051159,0.5123 -0.1230469,0.71289 20.2627015,8.10664 37.6570915,19.03293 60.1777345,16.85352 5.731214,-0.55464 11.270438,-2.4125 16.976562,-3.1836 8.441745,-1.14077 17.087727,-3.64492 25.468746,-2.12109 8.31442,1.51172 16.93503,3.18757 25.4668,2.12109 13.86546,-1.73318 27.39737,-6.35192 41.38281,-7.42773 4.5847,-0.35266 9.21952,0.45755 13.79493,0 6.57507,-0.6575 12.69099,-3.70205 19.10156,-5.30469 6.60061,-1.65016 13.55954,-1.53343 20.16015,-3.18359 12.94228,-3.23556 8.31716,-3.66572 18.04102,-10.61133 6.55615,-4.68297 14.57676,-6.38213 21.22266,-10.61133 4.53496,-2.88589 9.04804,-10.26572 11.67187,-14.85742 1.68747,-2.95308 3.30443,-6.25986 4.24414,-9.54883 1.49006,-5.21524 1.06055,-3.69022 1.06055,-9.55078 v -4.24414 c 0,-0.35371 0.35371,-1.06055 0,-1.06055 z m -279.4414075,39.84766 0.00195,-0.002 c 0.00907,-0.1262 0.00676,-0.20183 -0.023437,-0.20507 0.00772,0.0757 0.013043,0.1232 0.021484,0.20703 z"
            />
            <path
              d="m 232.66211,272.39844 c -1.14947,0.0235 -2.30175,0.11997 -3.45703,0.3125 -8.018,1.33633 -3.9583,5.08932 -8.49024,8.48828 -0.89483,0.67112 -2.2734,0.41237 -3.18359,1.0625 -1.62819,1.16299 -2.54739,3.18368 -4.24414,4.24414 -4.23837,2.64898 -11.23214,2.99511 -15.91602,4.24414 -33.12131,8.83235 8.52578,-1.78072 -15.91797,6.36719 -6.08699,2.02901 -11.9641,0.048 -18.03906,1.06054 -4.99775,0.83296 -10.76131,2.15266 -15.91601,3.1836 -5.03534,1.00707 -8.90983,3.83916 -13.79493,5.30469 -8.64977,2.59494 -18.58348,4.84651 -27.58984,4.24609 -8.399506,-0.55997 -13.953879,-5.38727 -22.283202,-6.36719 -3.512878,-0.41328 -7.327209,1.31365 -10.611328,0 -11.068748,-4.4275 -11.174703,-1.59638 -22.285156,-3.18359 -4.429156,-0.63273 -8.44699,-2.95851 -12.732422,-4.24414 -1.39688,-0.41907 -2.829299,-0.70879 -4.244141,-1.0625 -1.061131,0 -2.163291,0.29151 -3.183593,0 -5.82593,-1.66455 -9.422994,-7.37505 -14.857422,-9.54883 -4.381562,-1.75262 -9.1947331,-2.12246 -13.7929691,-3.18359 -0.1205562,0.16074 -0.2606428,0.31121 -0.390625,0.46679 0.010138,0.0908 0.035156,0.16428 0.035156,0.26563 v 4.07226 6.33789 6.06055 c 0,0.24845 -0.017828,0.49828 0,0.74609 0.00566,0.0787 0.012979,0.0702 0.019531,0.12696 0.1354499,0.23991 0.060877,0.52729 0,0 -0.044401,-0.0786 -0.1188236,-0.12826 -0.2167969,-0.14453 -0.00343,0.066 0,0.13151 0,0.19726 v 0.65625 c 0.1427301,-0.0462 0.2877605,-0.0796 0.4414063,-0.0762 0.3133477,0.007 -0.01991,0.25519 -0.4375,0.5 0.00202,0.0868 0.00301,0.18222 0.00586,0.26758 0.0022,0.0192 0.00955,0.0419 0.013672,0.0625 0.1376236,0.0589 0.2937407,0.12263 0.3925781,0.17383 -0.064635,2.14558 -0.026721,4.29145 -0.019531,6.4375 -0.00253,1.76195 -0.0045,3.5232 -0.00391,5.28515 0.051568,0.6123 -0.063348,1.24249 0,1.85352 0.027289,0.26322 0.1479779,0.51167 0.1699219,0.77539 0.043702,0.52521 0.048995,1.05366 0.074219,1.58008 0.050126,1.25679 -0.076049,2.51162 -0.054687,3.76758 0.044177,0.56418 -0.029889,1.13354 0.00977,1.69726 0.035258,0.50146 0.1760302,0.97186 0.3066406,1.45313 0.3221339,0.87208 0.064185,1.79317 0.064453,2.68554 0.021226,0.52953 0.025921,1.05996 0.019531,1.58985 6.192596,3.18287 15.2195036,7.27929 16.5468746,7.27929 3.890815,0 8.061296,-1.44501 11.673829,0 6.58328,2.63331 2.120627,2.47604 10.611328,3.1836 7.451607,0.62096 9.897127,1.25283 16.976562,3.18359 14.635835,3.99159 30.576314,6.26982 45.628902,7.42774 9.0765,0.69819 19.62455,0.64465 28.65039,0 11.9543,-0.85389 1.06591,-1.06226 11.67383,-2.12305 10.49404,-1.04941 20.64953,-2.2681 30.77149,-5.30469 6.87534,-2.0626 14.45988,-1.7081 21.22265,-4.24414 10.21436,-3.83038 20.37004,-8.20603 30.77344,-11.67383 24.27623,-8.09208 14.65895,-15.64049 25.4668,-30.77148 0.87224,-1.22114 2.31135,-1.96245 3.18359,-3.1836 2.89076,-4.04706 4.86362,-12.999 3.1836,-18.03906 -0.17892,-0.53676 -4.55583,-1.06055 -5.30469,-1.06055 -6.61532,0 -13.16916,-2.30562 -19.80078,-2.43554 -0.3826,-0.007 -0.76528,-0.008 -1.14844,0 z M 1.90625,329.32031 c -0.1461494,-0.0339 -0.1638914,0.16254 -0.1445312,0.43164 0.2433924,0.1271 0.501834,0.25998 0.7558593,0.39063 -0.018067,-0.10737 -0.039942,-0.24688 -0.1015625,-0.39844 -0.025376,-0.0624 -0.093655,-0.0962 -0.140625,-0.14453 -0.1693471,-0.17415 -0.2874932,-0.26036 -0.3691406,-0.2793 z"
            />
          </a>
        </g>
        <g>
          <a>
            <title>
              Royal Rosarian Garden
            </title>
            <path
              d="m 962.44617,481.75365 c 11.90138,2.2266 22.54947,-1.55386 33.9562,-3.18339 8.52683,-1.21813 17.90903,0 26.52833,0 4.9519,0 9.9536,0.70031 14.8558,0 14.7448,-2.1064 2.1474,-3.18183 19.1004,-2.12227 2.1473,0.13421 4.224,0.86634 6.3667,1.06113 7.0163,0.63784 14.2065,-0.63783 21.2227,0 3.454,0.31401 7.1572,1.80826 10.6113,2.12227 4.9316,0.44833 9.9039,0 14.8558,0 2.9858,0 9.8081,-1.29568 11.6725,2.12226 5.2074,9.54694 2.892,27.38037 4.2445,38.20073 0.8948,7.1586 3.4016,14.05773 4.2445,21.22263 1.0838,9.2124 -2.3671,17.5495 -3.1834,26.52828 -0.9294,10.22327 -2.2529,20.53768 -3.1834,30.77281 -0.9212,10.13415 -0.9781,27.35815 0,37.1396 0.5384,5.38388 2.2939,10.57986 3.1834,15.91697 0.7102,4.26098 2.5656,37.44849 -1.0611,39.26186 -3.1366,1.56832 -18.3837,-0.70874 -23.3449,0 -8.2559,1.17942 -17.0339,2.24637 -25.4671,3.1834 -6.3576,0.7064 -12.7145,-1.06113 -19.1004,-1.06113 -10.475,0 -21.4163,0.94705 -31.8339,0 -1.4524,-0.13204 -2.8297,-0.70743 -4.2446,-1.06114 -2.8297,-0.35371 -5.6446,-0.85795 -8.489,-1.06113 -9.0965,-0.64974 -18.45957,0 -27.58944,0 -3.6578,0 -31.18345,1.95148 -31.83394,0 -1.67278,-5.01832 1.03817,-11.78722 0,-16.9781 -0.15512,-0.77556 -0.70742,-1.41484 -1.06113,-2.12226 -0.35372,-1.76855 -0.88167,-3.51103 -1.06114,-5.30566 -0.91848,-9.18481 1.22659,-17.57153 2.12227,-26.52828 0.86495,-8.64957 -0.61936,-17.24231 2.12226,-25.46716 1.39204,-4.17611 -2.79179,-11.21768 -3.18339,-15.91697 -0.65462,-7.8554 -0.19242,-15.52648 -1.06114,-23.34489 -1.22698,-11.04286 2.59055,-22.1442 4.24453,-32.89507 1.10182,-7.16185 0,-15.03515 0,-22.28376 0,-3.04313 -1.43416,-35.33242 0,-38.20073 0.83383,-1.66765 5.77819,-0.14715 6.36679,0 z"
            />
          </a>
        </g>
        <g>
          <a>
            <title>
              Rose Test Garden
            </title>
            <path
              d="m 898.77828,687.61314 c -1.06113,-3.89082 -2.68317,-7.67067 -3.18339,-11.67245 -3.31727,-26.53817 -10.40255,-82.30744 -7.42792,-113.54105 0.12091,-1.26958 1.55192,-2.04272 2.12226,-3.1834 3.80958,-7.61916 1.67455,-16.96045 2.12227,-25.46715 1.72664,-32.80614 -1.15815,-65.90534 -2.12227,-98.68522 -0.54128,-18.40364 1.77037,-36.73875 1.06113,-55.17883 -0.51818,-13.47286 -2.89659,-26.84323 -3.18339,-40.323 -0.45771,-21.51221 4.82527,-42.18024 4.24453,-63.66788 -0.30818,-11.40266 -3.55447,-22.57028 -4.24453,-33.9562 -0.36376,-6.00207 0.20723,-12.02973 0,-18.03924 -0.72911,-21.14425 -5.42034,-42.41693 -3.18339,-63.66788 3.73211,-13.06238 1.91448,-4.12563 2.12226,-8.48905 0.99508,-20.89679 1.06113,-41.6962 1.06113,-62.606754 0,-0.285805 0.7949,-7.42846 -1.06113,-8.489051 -13.53968,-7.736961 -32.76974,-0.506273 -47.75091,-1.061131 -75.44449,-2.79424 17.04678,1.621161 -31.83394,-4.244526 -9.48216,-1.137858 -19.10037,0 -28.65055,0 -21.71071,0 -43.07607,1.517783 -64.72902,3.183395 -8.82376,0.678751 -17.69499,1.601945 -26.52828,1.061131 -27.0629,-1.656912 -18.50042,-5.343153 -36.07847,-4.244526 -7.48872,0.468045 -14.79821,2.66715 -22.28376,3.183395 -16.81753,1.15983 -34.0466,0 -50.9343,0 -7.78163,0 -15.56789,0.268172 -23.34489,0 -9.32395,-0.321516 -19.26771,-2.542633 -28.65055,-1.061132 -18.49685,2.920555 -2.95231,5.305657 -26.52829,5.305657 -73.28726,0 28.59038,-4.936028 -44.56752,-2.122263 -1.80224,0.06932 -3.5371,0.707421 -5.30565,1.061132 -2.82969,0.35371 -5.63874,0.972059 -8.48905,1.061131 -22.57751,0.705547 -45.31301,0 -67.91241,0 -1.3632,0 -11.66182,-1.082377 -12.73358,1.061132 -1.92682,3.853646 2.88672,10.702416 3.1834,14.855839 0.45361,6.350611 0,12.733581 0,19.100361 0,10.216 1.04347,22.46029 0,32.89508 -1.33701,13.37004 -2.12227,26.82357 -2.12227,40.32299 0,10.61131 0,21.22263 0,31.83394 0,3.53711 0.85788,7.17982 0,10.61132 -0.92396,3.69583 -3.03983,6.99723 -4.24452,10.61131 -4.36055,13.08165 -1.05973,11.74653 -10.61132,23.34489 -2.07307,2.5173 -5.24639,3.94287 -7.42792,6.36679 -3.82042,4.24491 -4.78101,12.88547 -6.36678,18.03923 -0.65789,2.13814 -1.12182,4.3659 -2.12227,6.36679 -1.44373,2.88747 -2.65341,1.06462 -3.18339,4.24453 -0.87225,5.23346 0,10.61131 0,15.91697 0,10.2576 0,20.5152 0,30.77281 0,14.50213 0,29.00425 0,43.50638 0,6.87632 -0.76356,14.35058 0,21.22263 1.37177,12.34598 1.37025,0.89664 4.24452,19.10037 1.52653,9.66801 -0.99386,6.06409 -3.18339,15.91697 -2.06927,9.31172 -0.57569,19.37109 -2.12226,28.65054 -0.0822,0.49342 -0.9789,0.56772 -1.06113,1.06114 -1.71233,10.27398 0.80063,21.42573 0,31.83394 -1.80431,23.45603 0,46.58456 0,70.03467 0,12.9698 1.07622,26.3472 0,39.26186 -0.35736,4.28821 -1.58854,8.46373 -2.12227,12.73358 -0.7121,5.69679 1.53839,10.07818 2.12227,15.91697 0.35195,3.51955 0,7.07421 0,10.61131 0,2.77261 -0.74329,27.00506 1.06113,29.71168 0.3924,0.58861 1.41774,0.0641 2.12226,0 3.18983,-0.28998 6.35163,-0.89279 9.55018,-1.06113 5.26536,-0.27713 14.67652,-0.65293 20.1615,1.06113 8.87177,2.77243 17.18409,6.57845 26.52828,7.42792 15.98832,1.45348 8.08763,-0.25621 20.1615,-1.06113 2.82342,-0.18823 5.66563,0.18823 8.48905,0 6.09981,-0.40666 10.92716,-1.97321 16.9781,-3.1834 7.85857,-1.57171 12.29639,-1.40444 21.22263,-1.06113 10.96235,0.42163 26.00045,5.08436 36.07847,4.24453 4.36004,-0.36334 8.40682,-2.53438 12.73357,-3.1834 2.06332,-0.30949 12.07037,0.23213 14.85584,0 6.3522,-0.52935 15.25326,-3.48186 21.22263,-3.18339 27.0206,1.35103 54.64167,4.41364 81.70712,3.18339 4.24067,-0.19275 4.62669,-2.12226 7.42792,-2.12226 12.37986,0 24.75973,0 37.1396,0 4.95194,0 9.97712,0.84847 14.85584,0 3.43212,-0.59689 6.15316,-3.47248 9.55018,-4.24452 12.80285,-2.90974 15.91938,-0.42397 28.65055,2.12226 3.8778,0.77556 7.7541,2.65658 11.67244,2.12226 5.01793,-0.68426 8.76132,-5.80752 13.79471,-6.36679 11.40211,-1.2669 31.95152,0.63132 43.50639,2.12227 11.97511,1.54517 24.92158,8.10669 37.13959,7.42792 11.64633,-0.64702 6.1669,-2.51502 14.85584,-3.1834 5.6427,-0.43405 11.32976,0.35302 16.97811,0 9.92941,-0.62059 19.8352,-3.14714 29.71168,-4.24452 1.79254,-0.19918 3.5202,-1.3162 5.30565,-1.06114 3.32187,0.47456 6.36679,2.12227 9.55018,3.1834 z"
            />
          </a>
        </g>
        <g>
          <a>
            <title>
              Shakespeare Garden
            </title>
            <path
              d="m 917.87865,80.645985 c 27.78674,-6.213976 55.78735,-2.30708 83.82935,-3.183394 10.753,-0.33603 21.0289,-1.601385 31.834,-1.061131 21.525,1.076253 43.0896,6.507846 64.729,5.305657 8.3483,-0.463797 31.0898,-5.67772 38.2007,-2.122263 7.5438,3.77189 5.9859,20.433436 6.3668,26.528286 0.9761,15.61727 4.8828,38.8232 3.1834,54.1177 2.1754,4.71965 -3.5613,6.13419 -4.2445,9.55018 -1.2813,6.40643 1.1995,12.08767 3.1834,18.03924 2.4563,7.36893 3.6386,12.84997 -5.3057,16.9781 -5.1731,2.38759 -19.1642,0 -22.2837,0 -3.9069,0 -7.7817,0.70742 -11.6725,1.06113 -6.0131,0 -12.0293,0.19387 -18.0392,0 -4.962,-0.16006 -9.8964,-1.28656 -14.8559,-1.06113 -9.2861,0.4221 -18.0021,5.30565 -27.5894,5.30565 -4.9645,0 -9.8969,-0.82499 -14.8558,-1.06113 -10.3407,-0.49241 -20.4413,-0.12189 -30.77283,-1.06113 -8.13251,-0.73932 -16.25693,1.59652 -24.40603,2.12226 -5.64762,0.36437 -11.31873,0 -16.9781,0 -11.19344,0 -21.71376,1.24237 -32.89507,0 -3.82912,-0.42545 -4.80339,0.78171 -8.48905,-1.06113 -0.31637,-0.15818 0.0391,-0.70958 0,-1.06113 -0.31492,-2.83426 -0.80295,-5.64906 -1.06113,-8.48905 -0.96805,-10.64854 -1.06113,-21.10844 -1.06113,-31.83394 0,-0.97619 0.35287,-16.63027 0,-19.10037 -0.36417,-2.54917 -1.61726,-4.90287 -2.12227,-7.42792 -1.61995,-8.09975 -2.21999,-48.641008 2.12227,-56.239959 0.87744,-1.535533 2.12226,-2.829684 3.18339,-4.244526 z"
            />
          </a>
        </g>
        <g>
          <a>
            <title>
              Gold Medal Garden
            </title>
            <path
              d="m 998.52464,220.71533 c 19.18576,-0.21425 39.15276,3.08317 58.36226,1.06113 3.6451,-0.3837 25.5168,-4.21969 29.7116,-2.12226 3.3044,1.65219 4.6067,6.78427 6.3668,9.55018 4.1128,6.46297 8.9207,12.42785 12.7336,19.10036 2.2809,3.99154 1.8149,9.08914 4.2445,12.73358 0.1962,0.29431 0.7075,0 1.0612,0 3.8908,0 7.7816,0 11.6724,0 5.6502,0 10.3726,1.50622 15.917,2.12226 11.2798,1.25331 16.3349,-3.21609 19.1003,10.61132 2.0007,10.00305 2.1208,27.60448 1.0612,38.20073 -0.3713,3.71306 -2.3127,7.12833 -3.1834,10.61131 -0.4887,1.95479 0.6356,4.46005 0,6.36679 -0.8776,2.63274 -13.4861,6.29557 -13.7947,6.36679 -0.6086,0.14044 -8.4267,-0.11236 -9.5502,0 -5.4445,0.54445 -10.4335,1.06113 -15.917,1.06113 -0.4515,0 -5.1363,-0.33866 -5.3056,0 -4.8547,9.70926 4.3466,-1.90465 -4.2446,9.55018 -3.3822,4.5096 -8.285,6.24441 -10.6113,11.67245 -1.3814,3.22329 -1.2975,9.31485 -4.2445,11.67244 -10.2695,8.21556 -23.8621,6.78496 -36.0785,7.42792 -19.3277,1.01725 -51.5632,3.58197 -68.97351,-6.36679 -3.00527,-1.7173 -2.6339,-4.5288 -4.24453,-7.42792 -6.60858,-11.89545 -0.17779,3.04865 -5.30565,-8.48905 -1.67381,-3.76607 -2.6405,-11.52438 -5.30566,-14.85584 -0.79669,-0.99585 -2.28161,-1.22047 -3.18339,-2.12226 -0.55927,-0.55926 -0.35371,-1.76855 -1.06114,-2.12226 -0.6631,-0.33155 -31.4313,-1.06113 -33.9562,-1.06113 -0.49032,0 -5.51985,0.63273 -6.36679,-1.06113 -0.47455,-0.94911 0.11718,-2.12876 0,-3.1834 -0.2376,-2.13838 -0.5944,-4.26648 -1.06113,-6.36679 -1.06113,-4.77509 -2.12226,-3.18339 -3.18339,-9.55018 -0.68376,-4.10256 -0.80243,-40.55539 0,-44.56752 0.27418,-1.37091 2.41746,-4.15676 3.18339,-5.30565 6.06146,-9.0922 33.92248,3.22836 40.32299,-5.30566 2.68147,-3.5753 5.60698,-8.79037 8.48905,-11.67245 0.25012,-0.25011 0.81102,0.25011 1.06114,0 2.61123,-2.61123 1.76306,-7.20253 3.18339,-10.61131 1.18162,-2.83589 10.51281,-15.0965 13.79471,-15.91697 1.71575,-0.42894 3.5371,0 5.30566,0 z"
            />
          </a>
        </g>
      </svg>
    </section>
  </section>
  <div
    class="blurbContainer"
  >
    <section
      class="Blurb"
    >
      <p>
        This is a site description for home page TEST.  Lorem ipsum dolor sit amet consectetur, adipisicing elit. Quia dolorem ullam, unde aliquam tenetur consequatur ut in esse harum sunt! Atque dolorem provident accusamus sint? Ducimus, magni. Id, enim non? Lorem ipsum, dolor sit amet consectetur adipisicing elit. Voluptatem animi ex repellendus eaque. Quam blanditiis cum quo sunt laudantium nihil earum unde dolore laborum! Id libero iusto similique minus dignissimos. Lorem ipsum dolor sit amet consectetur, adipisicing elit. Impedit dolorem ut omnis corrupti consequatur totam, aliquid ex qui cum deleniti minima, maiores temporibus doloribus, voluptatem et veniam eligendi vel? Distinctio.
      </p>
    </section>
  </div>
</DocumentFragment>
`;
